../Core/Src/oled.c:49:6:OLED_Send	24	static
../Core/Src/oled.c:56:6:OLED_SendCmd	16	static
../Core/Src/oled.c:68:6:OLED_Init	8	static
../Core/Src/oled.c:101:6:OLED_DisPlay_On	8	static
../Core/Src/oled.c:110:6:OLED_DisPlay_Off	8	static
../Core/Src/oled.c:121:6:OLED_SetColorMode	16	static
../Core/Src/oled.c:135:6:OLED_NewFrame	8	static
../Core/Src/oled.c:143:6:OLED_ShowFrame	16	static
../Core/Src/oled.c:161:6:OLED_SetPixel	16	static
../Core/Src/oled.c:182:6:OLED_SetByte_Fine	16	static
../Core/Src/oled.c:205:6:OLED_SetByte	16	static
../Core/Src/oled.c:222:6:OLED_SetBits_Fine	40	static
../Core/Src/oled.c:246:6:OLED_SetBits	40	static
../Core/Src/oled.c:266:6:OLED_SetBlock	40	static
../Core/Src/oled.c:301:6:OLED_DrawLine	40	static
../Core/Src/oled.c:360:6:OLED_DrawRectangle	32	static
../Core/Src/oled.c:375:6:OLED_DrawFilledRectangle	40	static
../Core/Src/oled.c:391:6:OLED_DrawTriangle	32	static
../Core/Src/oled.c:407:6:OLED_DrawFilledTriangle	40	static
../Core/Src/oled.c:438:6:OLED_DrawCircle	32	static
../Core/Src/oled.c:469:6:OLED_DrawFilledCircle	40	static
../Core/Src/oled.c:497:6:OLED_DrawEllipse	56	static
../Core/Src/oled.c:537:6:OLED_DrawImage	32	static
../Core/Src/oled.c:551:6:OLED_PrintASCIIChar	32	static
../Core/Src/oled.c:563:6:OLED_PrintASCIIString	40	static
../Core/Src/oled.c:575:9:_OLED_GetUTF8Len	16	static
../Core/Src/oled.c:612:6:OLED_PrintString	56	static
